✅ Server OK – models: ['/home/steven/models/unlimited-ocr/Unlimited-OCR-Q4_K_M.gguf']
📄 PDF: /home/steven/Research-Team/zhouyi_jijie_songkanben.pdf
   Total pages: 867
   Processing pages: 101 – 200 (100 pages)

🖼️  Page 101/200 – converting to PNG (dpi=200)... OK (5577 KB)
🔍 Page 101/200 – OCR in progress... OK (6257 chars in 156.3s)
🖼️  Page 102/200 – converting to PNG (dpi=200)... OK (5628 KB)
🔍 Page 102/200 – OCR in progress... OK (374 chars in 22.8s)
🖼️  Page 103/200 – converting to PNG (dpi=200)... OK (6020 KB)
🔍 Page 103/200 – OCR in progress... OK (5771 chars in 130.5s)
🖼️  Page 104/200 – converting to PNG (dpi=200)... OK (5834 KB)
🔍 Page 104/200 – OCR in progress... OK (325 chars in 22.7s)
🖼️  Page 105/200 – converting to PNG (dpi=200)... OK (6169 KB)
🔍 Page 105/200 – OCR in progress... OK (268 chars in 22.0s)
🖼️  Page 106/200 – converting to PNG (dpi=200)... OK (5680 KB)
🔍 Page 106/200 – OCR in progress... OK (324 chars in 21.8s)
🖼️  Page 107/200 – converting to PNG (dpi=200)... OK (5970 KB)
🔍 Page 107/200 – OCR in progress... OK (4148 chars in 130.2s)
🖼️  Page 108/200 – converting to PNG (dpi=200)... OK (5873 KB)
🔍 Page 108/200 – OCR in progress... OK (252 chars in 21.6s)
🖼️  Page 109/200 – converting to PNG (dpi=200)... OK (6032 KB)
🔍 Page 109/200 – OCR in progress... OK (6713 chars in 131.1s)
🖼️  Page 110/200 – converting to PNG (dpi=200)... OK (5987 KB)
🔍 Page 110/200 – OCR in progress... OK (304 chars in 22.6s)
   📊 Progress: 110/100 pages done
🖼️  Page 111/200 – converting to PNG (dpi=200)... OK (6189 KB)
🔍 Page 111/200 – OCR in progress... OK (6006 chars in 130.1s)
🖼️  Page 112/200 – converting to PNG (dpi=200)... OK (5775 KB)
🔍 Page 112/200 – OCR in progress... OK (8187 chars in 131.4s)
🖼️  Page 113/200 – converting to PNG (dpi=200)... OK (5686 KB)
🔍 Page 113/200 – OCR in progress... OK (6912 chars in 129.6s)
🖼️  Page 114/200 – converting to PNG (dpi=200)... OK (5829 KB)
🔍 Page 114/200 – OCR in progress... OK (6705 chars in 132.0s)
🖼️  Page 115/200 – converting to PNG (dpi=200)... OK (5845 KB)
🔍 Page 115/200 – OCR in progress... OK (6476 chars in 132.0s)
🖼️  Page 116/200 – converting to PNG (dpi=200)... OK (5811 KB)
🔍 Page 116/200 – OCR in progress... OK (316 chars in 22.9s)
🖼️  Page 117/200 – converting to PNG (dpi=200)... OK (5936 KB)
🔍 Page 117/200 – OCR in progress... OK (7101 chars in 140.1s)
🖼️  Page 118/200 – converting to PNG (dpi=200)... OK (5264 KB)
🔍 Page 118/200 – OCR in progress... OK (463 chars in 24.0s)
🖼️  Page 119/200 – converting to PNG (dpi=200)... OK (5621 KB)
🔍 Page 119/200 – OCR in progress... OK (5773 chars in 129.2s)
🖼️  Page 120/200 – converting to PNG (dpi=200)... OK (5919 KB)
🔍 Page 120/200 – OCR in progress... OK (336 chars in 22.7s)
   📊 Progress: 120/100 pages done
🖼️  Page 121/200 – converting to PNG (dpi=200)... OK (6111 KB)
🔍 Page 121/200 – OCR in progress... OK (198 chars in 21.0s)
🖼️  Page 122/200 – converting to PNG (dpi=200)... OK (5889 KB)
🔍 Page 122/200 – OCR in progress... OK (310 chars in 21.9s)
🖼️  Page 123/200 – converting to PNG (dpi=200)... OK (5741 KB)
🔍 Page 123/200 – OCR in progress... OK (5784 chars in 128.7s)
🖼️  Page 124/200 – converting to PNG (dpi=200)... OK (5822 KB)
🔍 Page 124/200 – OCR in progress... OK (4127 chars in 128.1s)
🖼️  Page 125/200 – converting to PNG (dpi=200)... OK (5939 KB)
🔍 Page 125/200 – OCR in progress... OK (217 chars in 21.3s)
🖼️  Page 126/200 – converting to PNG (dpi=200)... OK (5699 KB)
🔍 Page 126/200 – OCR in progress... OK (5949 chars in 128.4s)
🖼️  Page 127/200 – converting to PNG (dpi=200)... OK (5701 KB)
🔍 Page 127/200 – OCR in progress... OK (403 chars in 23.8s)
🖼️  Page 128/200 – converting to PNG (dpi=200)... OK (5744 KB)
🔍 Page 128/200 – OCR in progress... OK (6689 chars in 129.5s)
🖼️  Page 129/200 – converting to PNG (dpi=200)... OK (5671 KB)
🔍 Page 129/200 – OCR in progress... OK (4137 chars in 129.3s)
🖼️  Page 130/200 – converting to PNG (dpi=200)... OK (6003 KB)
🔍 Page 130/200 – OCR in progress... OK (286 chars in 22.3s)
   📊 Progress: 130/100 pages done
🖼️  Page 131/200 – converting to PNG (dpi=200)... OK (5771 KB)
🔍 Page 131/200 – OCR in progress... OK (7116 chars in 130.5s)
🖼️  Page 132/200 – converting to PNG (dpi=200)... OK (5628 KB)
🔍 Page 132/200 – OCR in progress... OK (294 chars in 22.1s)
🖼️  Page 133/200 – converting to PNG (dpi=200)... OK (5948 KB)
🔍 Page 133/200 – OCR in progress... OK (5320 chars in 130.4s)
🖼️  Page 134/200 – converting to PNG (dpi=200)... OK (5856 KB)
🔍 Page 134/200 – OCR in progress... OK (339 chars in 23.8s)
🖼️  Page 135/200 – converting to PNG (dpi=200)... OK (6113 KB)
🔍 Page 135/200 – OCR in progress... OK (309 chars in 22.6s)
🖼️  Page 136/200 – converting to PNG (dpi=200)... OK (5770 KB)
🔍 Page 136/200 – OCR in progress... OK (414 chars in 23.6s)
🖼️  Page 137/200 – converting to PNG (dpi=200)... OK (6081 KB)
🔍 Page 137/200 – OCR in progress... OK (5556 chars in 129.0s)
🖼️  Page 138/200 – converting to PNG (dpi=200)... OK (5873 KB)
🔍 Page 138/200 – OCR in progress... OK (319 chars in 22.7s)
🖼️  Page 139/200 – converting to PNG (dpi=200)... OK (5976 KB)
🔍 Page 139/200 – OCR in progress... OK (343 chars in 22.3s)
🖼️  Page 140/200 – converting to PNG (dpi=200)... OK (5963 KB)
🔍 Page 140/200 – OCR in progress... OK (389 chars in 22.9s)
   📊 Progress: 140/100 pages done
🖼️  Page 141/200 – converting to PNG (dpi=200)... OK (6017 KB)
🔍 Page 141/200 – OCR in progress... OK (6127 chars in 128.6s)
🖼️  Page 142/200 – converting to PNG (dpi=200)... OK (5896 KB)
🔍 Page 142/200 – OCR in progress... OK (353 chars in 22.8s)
🖼️  Page 143/200 – converting to PNG (dpi=200)... OK (5605 KB)
🔍 Page 143/200 – OCR in progress... OK (5590 chars in 129.3s)
🖼️  Page 144/200 – converting to PNG (dpi=200)... OK (5478 KB)
🔍 Page 144/200 – OCR in progress... OK (271 chars in 21.5s)
🖼️  Page 145/200 – converting to PNG (dpi=200)... OK (6234 KB)
🔍 Page 145/200 – OCR in progress... OK (4127 chars in 130.1s)
🖼️  Page 146/200 – converting to PNG (dpi=200)... OK (5890 KB)
🔍 Page 146/200 – OCR in progress... OK (343 chars in 22.8s)
🖼️  Page 147/200 – converting to PNG (dpi=200)... OK (5921 KB)
🔍 Page 147/200 – OCR in progress... OK (236 chars in 21.2s)
🖼️  Page 148/200 – converting to PNG (dpi=200)... OK (5485 KB)
🔍 Page 148/200 – OCR in progress... OK (441 chars in 23.6s)
🖼️  Page 149/200 – converting to PNG (dpi=200)... OK (5473 KB)
🔍 Page 149/200 – OCR in progress... OK (6701 chars in 130.2s)
🖼️  Page 150/200 – converting to PNG (dpi=200)... OK (5038 KB)
🔍 Page 150/200 – OCR in progress... OK (270 chars in 21.8s)
   📊 Progress: 150/100 pages done
🖼️  Page 151/200 – converting to PNG (dpi=200)... OK (5267 KB)
🔍 Page 151/200 – OCR in progress... OK (405 chars in 22.7s)
🖼️  Page 152/200 – converting to PNG (dpi=200)... OK (5519 KB)
🔍 Page 152/200 – OCR in progress... OK (314 chars in 22.6s)
🖼️  Page 153/200 – converting to PNG (dpi=200)... OK (5791 KB)
🔍 Page 153/200 – OCR in progress... OK (6738 chars in 129.9s)
🖼️  Page 154/200 – converting to PNG (dpi=200)... OK (5506 KB)
🔍 Page 154/200 – OCR in progress... OK (286 chars in 22.5s)
🖼️  Page 155/200 – converting to PNG (dpi=200)... OK (5641 KB)
🔍 Page 155/200 – OCR in progress... OK (4116 chars in 129.7s)
🖼️  Page 156/200 – converting to PNG (dpi=200)... OK (5727 KB)
🔍 Page 156/200 – OCR in progress... OK (6009 chars in 130.6s)
🖼️  Page 157/200 – converting to PNG (dpi=200)... OK (6036 KB)
🔍 Page 157/200 – OCR in progress... OK (184 chars in 21.1s)
🖼️  Page 158/200 – converting to PNG (dpi=200)... OK (5931 KB)
🔍 Page 158/200 – OCR in progress... OK (605 chars in 26.1s)
🖼️  Page 159/200 – converting to PNG (dpi=200)... OK (5788 KB)
🔍 Page 159/200 – OCR in progress... OK (5452 chars in 130.1s)
🖼️  Page 160/200 – converting to PNG (dpi=200)... OK (5640 KB)
🔍 Page 160/200 – OCR in progress... OK (318 chars in 22.4s)
   📊 Progress: 160/100 pages done
🖼️  Page 161/200 – converting to PNG (dpi=200)... OK (5905 KB)
🔍 Page 161/200 – OCR in progress... OK (1133 chars in 30.6s)
🖼️  Page 162/200 – converting to PNG (dpi=200)... OK (5543 KB)
🔍 Page 162/200 – OCR in progress... OK (298 chars in 21.8s)
🖼️  Page 163/200 – converting to PNG (dpi=200)... OK (5896 KB)
🔍 Page 163/200 – OCR in progress... OK (322 chars in 22.4s)
🖼️  Page 164/200 – converting to PNG (dpi=200)... OK (5684 KB)
🔍 Page 164/200 – OCR in progress... OK (359 chars in 22.7s)
🖼️  Page 165/200 – converting to PNG (dpi=200)... OK (5932 KB)
🔍 Page 165/200 – OCR in progress... OK (285 chars in 22.1s)
🖼️  Page 166/200 – converting to PNG (dpi=200)... OK (5815 KB)
🔍 Page 166/200 – OCR in progress... OK (375 chars in 23.4s)
🖼️  Page 167/200 – converting to PNG (dpi=200)... OK (5932 KB)
🔍 Page 167/200 – OCR in progress... OK (393 chars in 23.7s)
🖼️  Page 168/200 – converting to PNG (dpi=200)... OK (5797 KB)
🔍 Page 168/200 – OCR in progress... OK (273 chars in 21.5s)
🖼️  Page 169/200 – converting to PNG (dpi=200)... OK (5541 KB)
🔍 Page 169/200 – OCR in progress... OK (264 chars in 21.6s)
🖼️  Page 170/200 – converting to PNG (dpi=200)... OK (5533 KB)
🔍 Page 170/200 – OCR in progress... OK (293 chars in 22.0s)
   📊 Progress: 170/100 pages done
🖼️  Page 171/200 – converting to PNG (dpi=200)... OK (5610 KB)
🔍 Page 171/200 – OCR in progress... OK (7095 chars in 129.5s)
🖼️  Page 172/200 – converting to PNG (dpi=200)... OK (5667 KB)
🔍 Page 172/200 – OCR in progress... OK (331 chars in 22.6s)
🖼️  Page 173/200 – converting to PNG (dpi=200)... OK (5960 KB)
🔍 Page 173/200 – OCR in progress... OK (345 chars in 22.9s)
🖼️  Page 174/200 – converting to PNG (dpi=200)... OK (5570 KB)
🔍 Page 174/200 – OCR in progress... OK (275 chars in 21.9s)
🖼️  Page 175/200 – converting to PNG (dpi=200)... OK (5360 KB)
🔍 Page 175/200 – OCR in progress... OK (5934 chars in 128.3s)
🖼️  Page 176/200 – converting to PNG (dpi=200)... OK (5427 KB)
🔍 Page 176/200 – OCR in progress... OK (364 chars in 22.5s)
🖼️  Page 177/200 – converting to PNG (dpi=200)... OK (5574 KB)
🔍 Page 177/200 – OCR in progress... OK (6720 chars in 140.3s)
🖼️  Page 178/200 – converting to PNG (dpi=200)... OK (5527 KB)
🔍 Page 178/200 – OCR in progress... OK (351 chars in 25.5s)
🖼️  Page 179/200 – converting to PNG (dpi=200)... OK (5677 KB)
🔍 Page 179/200 – OCR in progress... OK (357 chars in 23.2s)
🖼️  Page 180/200 – converting to PNG (dpi=200)... OK (5645 KB)
🔍 Page 180/200 – OCR in progress... OK (335 chars in 22.6s)
   📊 Progress: 180/100 pages done
🖼️  Page 181/200 – converting to PNG (dpi=200)... OK (5805 KB)
🔍 Page 181/200 – OCR in progress... OK (291 chars in 22.0s)
🖼️  Page 182/200 – converting to PNG (dpi=200)... OK (5592 KB)
🔍 Page 182/200 – OCR in progress... OK (300 chars in 21.8s)
🖼️  Page 183/200 – converting to PNG (dpi=200)... OK (5754 KB)
🔍 Page 183/200 – OCR in progress... OK (255 chars in 21.4s)
🖼️  Page 184/200 – converting to PNG (dpi=200)... OK (5813 KB)
🔍 Page 184/200 – OCR in progress... OK (324 chars in 22.6s)
🖼️  Page 185/200 – converting to PNG (dpi=200)... OK (5472 KB)
🔍 Page 185/200 – OCR in progress... OK (6502 chars in 129.1s)
🖼️  Page 186/200 – converting to PNG (dpi=200)... OK (5350 KB)
🔍 Page 186/200 – OCR in progress... OK (247 chars in 21.7s)
🖼️  Page 187/200 – converting to PNG (dpi=200)... OK (5580 KB)
🔍 Page 187/200 – OCR in progress... OK (7318 chars in 129.2s)
🖼️  Page 188/200 – converting to PNG (dpi=200)... OK (6025 KB)
🔍 Page 188/200 – OCR in progress... OK (289 chars in 21.8s)
🖼️  Page 189/200 – converting to PNG (dpi=200)... OK (5829 KB)
🔍 Page 189/200 – OCR in progress... OK (286 chars in 21.8s)
🖼️  Page 190/200 – converting to PNG (dpi=200)... OK (5715 KB)
🔍 Page 190/200 – OCR in progress... OK (5184 chars in 129.0s)
   📊 Progress: 190/100 pages done
🖼️  Page 191/200 – converting to PNG (dpi=200)... OK (5675 KB)
🔍 Page 191/200 – OCR in progress... OK (7796 chars in 129.0s)
🖼️  Page 192/200 – converting to PNG (dpi=200)... OK (5956 KB)
🔍 Page 192/200 – OCR in progress... OK (346 chars in 23.2s)
🖼️  Page 193/200 – converting to PNG (dpi=200)... OK (5655 KB)
🔍 Page 193/200 – OCR in progress... OK (391 chars in 23.2s)
🖼️  Page 194/200 – converting to PNG (dpi=200)... OK (5689 KB)
🔍 Page 194/200 – OCR in progress... OK (428 chars in 24.1s)
🖼️  Page 195/200 – converting to PNG (dpi=200)... OK (5722 KB)
🔍 Page 195/200 – OCR in progress... OK (5591 chars in 130.1s)
🖼️  Page 196/200 – converting to PNG (dpi=200)... OK (5471 KB)
🔍 Page 196/200 – OCR in progress... OK (361 chars in 22.1s)
🖼️  Page 197/200 – converting to PNG (dpi=200)... OK (5932 KB)
🔍 Page 197/200 – OCR in progress... OK (5777 chars in 129.1s)
🖼️  Page 198/200 – converting to PNG (dpi=200)... OK (5591 KB)
🔍 Page 198/200 – OCR in progress... OK (6506 chars in 130.7s)
🖼️  Page 199/200 – converting to PNG (dpi=200)... OK (5816 KB)
🔍 Page 199/200 – OCR in progress... OK (271 chars in 21.9s)
🖼️  Page 200/200 – converting to PNG (dpi=200)... OK (5567 KB)
🔍 Page 200/200 – OCR in progress... OK (336 chars in 23.1s)
   📊 Progress: 200/100 pages done

============================================================
✅ OCR Complete!
   Pages processed: 100
   Text output: /home/steven/Research-Team/ocr_output/text
   PNG output: /home/steven/Research-Team/ocr_output/png

   Total characters: 245297
   Summary: /home/steven/Research-Team/ocr_output/ocr_summary.txt
